// Jest Snapshot v1, https://goo.gl/fbAQLP

exports[`Page renders properly 1`] = `[Function]`;
